// Jest Snapshot v1, https://goo.gl/fbAQLP

exports[`My first test test 1`] = `ReactWrapper {}`;
